{
   "data" : [
      {
         "borough" : "Manhattan",
         "cuisine" : "Spanish",
         "grade" : "",
         "grade_date" : "",
         "inspection_date" : "02/06/2019",
         "restaurant_id" : "40395872",
         "restaurant_name" : "CARIDAD RESTAURANT",
         "score" : "24",
         "violation_code" : "02B",
         "violation_description" : "Hot food item not held at or above 140º F.",
         "zipcode" : "10031"
      },
      {
         "borough" : "Manhattan",
         "cuisine" : "Bakery",
         "grade" : "A",
         "grade_date" : "09/04/2019",
         "inspection_date" : "09/04/2019",
         "restaurant_id" : "40546350",
         "restaurant_name" : "SWEET CHEF SOUTHERN STYLES BAKERY",
         "score" : "13",
         "violation_code" : "04N",
         "violation_description" : "Filth flies or food/refuse/sewage-associated (FRSA) flies present in facility’s food and/or non-food areas. Filth flies include house flies, little house flies, blow flies, bottle flies and flesh flies. Food/refuse/sewage-associated flies include fruit flies, drain flies and Phorid flies.",
         "zipcode" : "10031"
      },
      {
         "borough" : "Manhattan",
         "cuisine" : "Bakery",
         "grade" : "",
         "grade_date" : "",
         "inspection_date" : "02/06/2019",
         "restaurant_id" : "40546350",
         "restaurant_name" : "SWEET CHEF SOUTHERN STYLES BAKERY",
         "score" : "42",
         "violation_code" : "10H",
         "violation_description" : "Proper sanitization not provided for utensil ware washing operation.",
         "zipcode" : "10031"
      },
      {
         "borough" : "Manhattan",
         "cuisine" : "Bakery",
         "grade" : "",
         "grade_date" : "",
         "inspection_date" : "04/11/2018",
         "restaurant_id" : "40546350",
         "restaurant_name" : "SWEET CHEF SOUTHERN STYLES BAKERY",
         "score" : "15",
         "violation_code" : "08A",
         "violation_description" : "Facility not vermin proof. Harborage or conditions conducive to attracting vermin to the premises and/or allowing vermin to exist.",
         "zipcode" : "10031"
      },
      {
         "borough" : "Manhattan",
         "cuisine" : "Italian",
         "grade" : "",
         "grade_date" : "",
         "inspection_date" : "10/17/2019",
         "restaurant_id" : "40814843",
         "restaurant_name" : "TRUFA RESTAURANT",
         "score" : "12",
         "violation_code" : "10A",
         "violation_description" : "Toilet facility not maintained and provided with toilet paper, waste receptacle and self-closing door.",
         "zipcode" : "10031"
      },
      {
         "borough" : "Manhattan",
         "cuisine" : "American",
         "grade" : "",
         "grade_date" : "",
         "inspection_date" : "10/30/2019",
         "restaurant_id" : "40873138",
         "restaurant_name" : "WIMPY'S RESTAURANT",
         "score" : "22",
         "violation_code" : "10B",
         "violation_description" : "Plumbing not properly installed or maintained; anti-siphonage or backflow prevention device not provided where required; equipment or floor not properly drained; sewage disposal system in disrepair or not functioning properly.",
         "zipcode" : "10031"
      },
      {
         "borough" : "Manhattan",
         "cuisine" : "American",
         "grade" : "B",
         "grade_date" : "07/01/2019",
         "inspection_date" : "07/01/2019",
         "restaurant_id" : "40873138",
         "restaurant_name" : "WIMPY'S RESTAURANT",
         "score" : "24",
         "violation_code" : "08A",
         "violation_description" : "Facility not vermin proof. Harborage or conditions conducive to attracting vermin to the premises and/or allowing vermin to exist.",
         "zipcode" : "10031"
      },
      {
         "borough" : "Manhattan",
         "cuisine" : "Pizza/Italian",
         "grade" : "",
         "grade_date" : "",
         "inspection_date" : "10/04/2018",
         "restaurant_id" : "40927055",
         "restaurant_name" : "P & M CLASSIC PIZZA & RESTAURANT",
         "score" : "22",
         "violation_code" : "02G",
         "violation_description" : "Cold food item held above 41º F (smoked fish and reduced oxygen packaged foods above 38 ºF) except during necessary preparation.",
         "zipcode" : "10031"
      },
      {
         "borough" : "Manhattan",
         "cuisine" : "Pizza/Italian",
         "grade" : "A",
         "grade_date" : "10/18/2018",
         "inspection_date" : "10/18/2018",
         "restaurant_id" : "40927055",
         "restaurant_name" : "P & M CLASSIC PIZZA & RESTAURANT",
         "score" : "13",
         "violation_code" : "04N",
         "violation_description" : "Filth flies or food/refuse/sewage-associated (FRSA) flies present in facility’s food and/or non-food areas. Filth flies include house flies, little house flies, blow flies, bottle flies and flesh flies. Food/refuse/sewage-associated flies include fruit flies, drain flies and Phorid flies.",
         "zipcode" : "10031"
      },
      {
         "borough" : "Manhattan",
         "cuisine" : "Pizza/Italian",
         "grade" : "A",
         "grade_date" : "08/03/2018",
         "inspection_date" : "08/03/2018",
         "restaurant_id" : "41056355",
         "restaurant_name" : "NEW MILLENIUM PIZZERIA",
         "score" : "13",
         "violation_code" : "10F",
         "violation_description" : "Non-food contact surface improperly constructed. Unacceptable material used. Non-food contact surface or equipment improperly maintained and/or not properly sealed, raised, spaced or movable to allow accessibility for cleaning on all sides, above and underneath the unit.",
         "zipcode" : "10031"
      }
   ]
}
