{
   "data" : [
      {
         "borough" : "Manhattan",
         "cuisine" : "Mexican",
         "grade" : "",
         "grade_date" : "",
         "inspection_date" : "06/05/2019",
         "restaurant_id" : "40392834",
         "restaurant_name" : "EL CANTINERO",
         "score" : "30",
         "violation_code" : "10F",
         "violation_description" : "Non-food contact surface improperly constructed. Unacceptable material used. Non-food contact surface or equipment improperly maintained and/or not properly sealed, raised, spaced or movable to allow accessibility for cleaning on all sides, above and underneath the unit.",
         "zipcode" : "10003"
      },
      {
         "borough" : "Manhattan",
         "cuisine" : "Mexican",
         "grade" : "",
         "grade_date" : "",
         "inspection_date" : "10/03/2017",
         "restaurant_id" : "40392834",
         "restaurant_name" : "EL CANTINERO",
         "score" : "22",
         "violation_code" : "10J",
         "violation_description" : "\"\"Wash hands” sign not posted at hand wash facility.",
         "zipcode" : "10003"
      },
      {
         "borough" : "Manhattan",
         "cuisine" : "Mexican",
         "grade" : "",
         "grade_date" : "",
         "inspection_date" : "01/07/2019",
         "restaurant_id" : "40401000",
         "restaurant_name" : "DOWNTOWN BAKERY II MEXICAN FOOD",
         "score" : "23",
         "violation_code" : "10F",
         "violation_description" : "Non-food contact surface improperly constructed. Unacceptable material used. Non-food contact surface or equipment improperly maintained and/or not properly sealed, raised, spaced or movable to allow accessibility for cleaning on all sides, above and underneath the unit.",
         "zipcode" : "10003"
      },
      {
         "borough" : "Manhattan",
         "cuisine" : "Mexican",
         "grade" : "",
         "grade_date" : "",
         "inspection_date" : "04/04/2017",
         "restaurant_id" : "40948723",
         "restaurant_name" : "PAQUITO'S",
         "score" : "19",
         "violation_code" : "06C",
         "violation_description" : "Food not protected from potential source of contamination during storage, preparation, transportation, display or service.",
         "zipcode" : "10003"
      },
      {
         "borough" : "Manhattan",
         "cuisine" : "Mexican",
         "grade" : "",
         "grade_date" : "",
         "inspection_date" : "04/04/2017",
         "restaurant_id" : "40948723",
         "restaurant_name" : "PAQUITO'S",
         "score" : "19",
         "violation_code" : "06D",
         "violation_description" : "Food contact surface not properly washed, rinsed and sanitized after each use and following any activity when contamination may have occurred.",
         "zipcode" : "10003"
      },
      {
         "borough" : "Manhattan",
         "cuisine" : "Mexican",
         "grade" : "B",
         "grade_date" : "08/16/2018",
         "inspection_date" : "08/16/2018",
         "restaurant_id" : "40948723",
         "restaurant_name" : "PAQUITO'S",
         "score" : "22",
         "violation_code" : "02B",
         "violation_description" : "Hot food item not held at or above 140º F.",
         "zipcode" : "10003"
      },
      {
         "borough" : "Manhattan",
         "cuisine" : "Mexican",
         "grade" : "A",
         "grade_date" : "09/24/2019",
         "inspection_date" : "09/24/2019",
         "restaurant_id" : "40948723",
         "restaurant_name" : "PAQUITO'S",
         "score" : "13",
         "violation_code" : "08A",
         "violation_description" : "Facility not vermin proof. Harborage or conditions conducive to attracting vermin to the premises and/or allowing vermin to exist.",
         "zipcode" : "10003"
      },
      {
         "borough" : "Manhattan",
         "cuisine" : "Mexican",
         "grade" : "A",
         "grade_date" : "02/28/2019",
         "inspection_date" : "02/28/2019",
         "restaurant_id" : "41106233",
         "restaurant_name" : "ROSA MEXICANO",
         "score" : "13",
         "violation_code" : "08A",
         "violation_description" : "Facility not vermin proof. Harborage or conditions conducive to attracting vermin to the premises and/or allowing vermin to exist.",
         "zipcode" : "10003"
      },
      {
         "borough" : "Manhattan",
         "cuisine" : "Mexican",
         "grade" : "A",
         "grade_date" : "05/24/2018",
         "inspection_date" : "05/24/2018",
         "restaurant_id" : "41445110",
         "restaurant_name" : "DOS TOROS TAQUERIA",
         "score" : "6",
         "violation_code" : "10F",
         "violation_description" : "Non-food contact surface improperly constructed. Unacceptable material used. Non-food contact surface or equipment improperly maintained and/or not properly sealed, raised, spaced or movable to allow accessibility for cleaning on all sides, above and underneath the unit.",
         "zipcode" : "10003"
      },
      {
         "borough" : "Manhattan",
         "cuisine" : "Mexican",
         "grade" : "",
         "grade_date" : "",
         "inspection_date" : "08/28/2018",
         "restaurant_id" : "41453957",
         "restaurant_name" : "CHIPOTLE MEXICAN GRILL",
         "score" : "18",
         "violation_code" : "04H",
         "violation_description" : "Raw, cooked or prepared food is adulterated, contaminated, cross-contaminated, or not discarded in accordance with HACCP plan.",
         "zipcode" : "10003"
      }
   ]
}
