{
   "data" : [
      {
         "borough" : "Queens",
         "cuisine" : "Pizza",
         "grade" : "A",
         "grade_date" : "08/01/2019",
         "inspection_date" : "08/01/2019",
         "restaurant_id" : "40364920",
         "restaurant_name" : "RIZZO'S FINE PIZZA",
         "score" : "10",
         "violation_code" : "10F",
         "violation_description" : "Non-food contact surface improperly constructed. Unacceptable material used. Non-food contact surface or equipment improperly maintained and/or not properly sealed, raised, spaced or movable to allow accessibility for cleaning on all sides, above and underneath the unit.",
         "zipcode" : "11103"
      },
      {
         "borough" : "Brooklyn",
         "cuisine" : "Pizza",
         "grade" : "A",
         "grade_date" : "11/30/2017",
         "inspection_date" : "11/30/2017",
         "restaurant_id" : "40365632",
         "restaurant_name" : "J&V FAMOUS PIZZA",
         "score" : "10",
         "violation_code" : "04L",
         "violation_description" : "Evidence of mice or live mice present in facility's food and/or non-food areas.",
         "zipcode" : "11204"
      },
      {
         "borough" : "Brooklyn",
         "cuisine" : "Pizza",
         "grade" : "",
         "grade_date" : "",
         "inspection_date" : "03/02/2017",
         "restaurant_id" : "40365632",
         "restaurant_name" : "J&V FAMOUS PIZZA",
         "score" : "22",
         "violation_code" : "04L",
         "violation_description" : "Evidence of mice or live mice present in facility's food and/or non-food areas.",
         "zipcode" : "11204"
      },
      {
         "borough" : "Manhattan",
         "cuisine" : "Pizza",
         "grade" : "A",
         "grade_date" : "11/20/2019",
         "inspection_date" : "11/20/2019",
         "restaurant_id" : "40365882",
         "restaurant_name" : "NEW YORK PIZZA SUPREMA",
         "score" : "10",
         "violation_code" : "04N",
         "violation_description" : "Filth flies or food/refuse/sewage-associated (FRSA) flies present in facility’s food and/or non-food areas. Filth flies include house flies, little house flies, blow flies, bottle flies and flesh flies. Food/refuse/sewage-associated flies include fruit flies, drain flies and Phorid flies.",
         "zipcode" : "10001"
      },
      {
         "borough" : "Queens",
         "cuisine" : "Jewish/Kosher",
         "grade" : "",
         "grade_date" : "",
         "inspection_date" : "03/18/2019",
         "restaurant_id" : "40366586",
         "restaurant_name" : "SHIMONS KOSHER PIZZA",
         "score" : "13",
         "violation_code" : "08A",
         "violation_description" : "Facility not vermin proof. Harborage or conditions conducive to attracting vermin to the premises and/or allowing vermin to exist.",
         "zipcode" : "11367"
      },
      {
         "borough" : "Brooklyn",
         "cuisine" : "Pizza/Italian",
         "grade" : "A",
         "grade_date" : "12/04/2018",
         "inspection_date" : "12/04/2018",
         "restaurant_id" : "40367005",
         "restaurant_name" : "DA VINCI PIZZA",
         "score" : "13",
         "violation_code" : "10F",
         "violation_description" : "Non-food contact surface improperly constructed. Unacceptable material used. Non-food contact surface or equipment improperly maintained and/or not properly sealed, raised, spaced or movable to allow accessibility for cleaning on all sides, above and underneath the unit.",
         "zipcode" : "11204"
      },
      {
         "borough" : "Brooklyn",
         "cuisine" : "Pizza/Italian",
         "grade" : "",
         "grade_date" : "",
         "inspection_date" : "07/20/2017",
         "restaurant_id" : "40367005",
         "restaurant_name" : "DA VINCI PIZZA",
         "score" : "26",
         "violation_code" : "02B",
         "violation_description" : "Hot food item not held at or above 140º F.",
         "zipcode" : "11204"
      },
      {
         "borough" : "Brooklyn",
         "cuisine" : "Pizza/Italian",
         "grade" : "B",
         "grade_date" : "11/04/2019",
         "inspection_date" : "11/04/2019",
         "restaurant_id" : "40367005",
         "restaurant_name" : "DA VINCI PIZZA",
         "score" : "16",
         "violation_code" : "10F",
         "violation_description" : "Non-food contact surface improperly constructed. Unacceptable material used. Non-food contact surface or equipment improperly maintained and/or not properly sealed, raised, spaced or movable to allow accessibility for cleaning on all sides, above and underneath the unit.",
         "zipcode" : "11204"
      },
      {
         "borough" : "Brooklyn",
         "cuisine" : "Pizza/Italian",
         "grade" : "B",
         "grade_date" : "11/04/2019",
         "inspection_date" : "11/04/2019",
         "restaurant_id" : "40367005",
         "restaurant_name" : "DA VINCI PIZZA",
         "score" : "16",
         "violation_code" : "06D",
         "violation_description" : "Food contact surface not properly washed, rinsed and sanitized after each use and following any activity when contamination may have occurred.",
         "zipcode" : "11204"
      },
      {
         "borough" : "Brooklyn",
         "cuisine" : "Pizza/Italian",
         "grade" : "B",
         "grade_date" : "07/11/2018",
         "inspection_date" : "07/11/2018",
         "restaurant_id" : "40367005",
         "restaurant_name" : "DA VINCI PIZZA",
         "score" : "15",
         "violation_code" : "08A",
         "violation_description" : "Facility not vermin proof. Harborage or conditions conducive to attracting vermin to the premises and/or allowing vermin to exist.",
         "zipcode" : "11204"
      }
   ]
}
